[marianodigabriele.com/index.html]
[backblue.gif]
[fade.gif]
[index.html]
[marianodigabriele.com/wp-content/plugins/LayerSlider/static/layerslider/css/layersliderf7b3.css]
[marianodigabriele.com/wp-content/plugins/revslider/public/assets/css/settingsbde7.css]
[marianodigabriele.com/indexd784.html]
[marianodigabriele.com/indexa6da.html]
[marianodigabriele.com/wp-content/plugins/woocommerce/assets/css/woocommerce-layout46df.css]
[marianodigabriele.com/wp-content/plugins/woocommerce/assets/css/woocommerce-smallscreen46df.css]
[marianodigabriele.com/wp-content/plugins/woocommerce/assets/css/woocommerce46df.css]
[marianodigabriele.com/wp-content/themes/the-core-parent/style55fe.css]
[marianodigabriele.com/wp-content/plugins/unyson/framework/static/libs/font-awesome/css/font-awesome.min4537.css]
[marianodigabriele.com/wp-content/themes/the-core-parent/css/bootstrap982a.css]
[marianodigabriele.com/wp-content/themes/the-core-parent/css/jquery.mmenu.all982a.css]
[marianodigabriele.com/wp-content/themes/the-core-child/style982a.css]
[marianodigabriele.com/wp-content/uploads/the-core-style5eb4.css]
[marianodigabriele.com/wp-content/themes/the-core-parent/css/prettyPhoto982a.css]
[marianodigabriele.com/wp-content/themes/the-core-parent/css/animate982a.css]
[marianodigabriele.com/wp-content/plugins/unyson/framework/extensions/shortcodes/shortcodes/section/static/css/background55fe.css]
[marianodigabriele.com/wp-content/plugins/LayerSlider/static/layerslider/js/greensockb3a6.js]
[marianodigabriele.com/wp-includes/js/jquery/jquery-migrate.min330a.js]
[marianodigabriele.com/wp-content/plugins/LayerSlider/static/layerslider/js/layerslider.transitionsf7b3.js]
[marianodigabriele.com/wp-includes/js/jquery/jqueryb8ff.js]
[marianodigabriele.com/wp-content/themes/the-core-parent/js/lib/modernizr.min982a.js]
[marianodigabriele.com/wp-content/plugins/LayerSlider/static/layerslider/js/layerslider.kreaturamedia.jqueryf7b3.js]
[marianodigabriele.com/wp-content/plugins/revslider/public/assets/js/jquery.themepunch.revolution.minbde7.js]
[marianodigabriele.com/wp-content/plugins/revslider/public/assets/js/jquery.themepunch.tools.minbde7.js]
[marianodigabriele.com/wp-content/themes/the-core-parent/js/lib/bootstrap.min982a.js]
[marianodigabriele.com/wp-content/themes/the-core-parent/js/jquery.touchSwipe.min982a.js]
[marianodigabriele.com/wp-content/themes/the-core-parent/js/lib/html5shiv982a.js]
[marianodigabriele.com/wp-content/themes/the-core-parent/js/lib/respond.min982a.js]
[marianodigabriele.com/index52f0.json]
[marianodigabriele.com/xmlrpc0db0.php]
[marianodigabriele.com/wp-includes/wlwmanifest.xml]
[marianodigabriele.com/indexca18.json]
[marianodigabriele.com/index4130.php]
[marianodigabriele.com/wp-content/uploads/2015/09/Logo_theCORE_retina.png]
[marianodigabriele.com/wp-content/plugins/revslider/admin/assets/images/dummy.png]
[marianodigabriele.com/index6e0f.html]
[marianodigabriele.com/indexabdb.html]
[marianodigabriele.com/indexe059.html]
[marianodigabriele.com/wp-content/uploads/2018/02/Cover-Artwork.jpg]
[marianodigabriele.com/wp-content/uploads/2018/02/Mariano-Di-Gabriele-compressed-copy.png]
[marianodigabriele.com/index9c02.html]
[marianodigabriele.com/wp-content/uploads/2018/02/Mariano-90-retouch-copy.jpg]
[marianodigabriele.com/wp-content/plugins/woocommerce/assets/js/frontend/add-to-cart.min46df.js]
[marianodigabriele.com/wp-content/plugins/woocommerce/assets/js/jquery-blockui/jquery.blockUI.min44fd.js]
[marianodigabriele.com/wp-content/plugins/woocommerce/assets/js/js-cookie/js.cookie.min6b25.js]
[marianodigabriele.com/wp-content/plugins/woocommerce/assets/js/frontend/woocommerce.min46df.js]
[marianodigabriele.com/wp-content/plugins/woocommerce/assets/js/frontend/cart-fragments.min46df.js]
[marianodigabriele.com/wp-content/themes/the-core-parent/js/jquery.carouFredSel-6.2.1-packed982a.js]
[marianodigabriele.com/wp-content/plugins/woocommerce/assets/js/prettyPhoto/jquery.prettyPhoto.min005e.js]
[marianodigabriele.com/wp-content/themes/the-core-parent/js/jquery.customInput982a.js]
[marianodigabriele.com/wp-content/themes/the-core-parent/js/scrollTo.min982a.js]
[marianodigabriele.com/wp-content/themes/the-core-parent/js/jquery.mmenu.min.all982a.js]
[marianodigabriele.com/wp-content/themes/the-core-parent/js/selectize.min982a.js]
[marianodigabriele.com/wp-content/themes/the-core-parent/js/jquery.parallax982a.js]
[marianodigabriele.com/wp-includes/js/jquery/ui/effect.mine899.js]
[marianodigabriele.com/wp-content/themes/the-core-parent/js/lazysizes.min982a.js]
[marianodigabriele.com/wp-content/themes/the-core-parent/js/general982a.js]
[marianodigabriele.com/wp-content/plugins/unyson/framework/extensions/shortcodes/shortcodes/section/static/js/core55fe.js]
[marianodigabriele.com/wp-content/plugins/unyson/framework/extensions/shortcodes/shortcodes/section/static/js/transition55fe.js]
[marianodigabriele.com/wp-content/plugins/unyson/framework/extensions/shortcodes/shortcodes/section/static/js/background55fe.js]
[marianodigabriele.com/wp-content/plugins/unyson/framework/extensions/shortcodes/shortcodes/section/static/js/background.init55fe.js]
[marianodigabriele.com/wp-includes/js/wp-embed.min55fe.js]
[marianodigabriele.com/wp-includes/js/imagesloaded.min55a0.js]
[marianodigabriele.com/index.html]
[marianodigabriele.com/wp-content/themes/the-core-parent/theme-includes/widgets/fw-flickr/static/js/scripts5152.js]
[marianodigabriele.com/xmlrpc.php]
[marianodigabriele.com/index316e.html]
[marianodigabriele.com/wp-content/plugins/LayerSlider/static/layerslider/css/layersliderf7b3.css]
[marianodigabriele.com/index58a6.html]
[marianodigabriele.com/wp-content/plugins/revslider/public/assets/fonts/revicons/revicons90c6.eot]
[marianodigabriele.com/indexe6db.html]
[marianodigabriele.com/wp-content/plugins/revslider/public/assets/fonts/revicons/revicons90c6.woff]
[marianodigabriele.com/wp-content/plugins/revslider/public/assets/fonts/revicons/revicons90c6.ttf]
[marianodigabriele.com/indexe6be.html]
[marianodigabriele.com/index3e64.html]
[marianodigabriele.com/wp-content/plugins/revslider/public/assets/assets/gridtile.png]
[marianodigabriele.com/indexe732.html]
[marianodigabriele.com/wp-content/plugins/revslider/public/assets/assets/gridtile_white.png]
[marianodigabriele.com/indexcdf1.html]
[marianodigabriele.com/wp-content/plugins/revslider/public/assets/assets/gridtile_3x3.png]
[marianodigabriele.com/index8067.html]
[marianodigabriele.com/wp-content/plugins/revslider/public/assets/assets/gridtile_3x3_white.png]
[marianodigabriele.com/index7f0d.html]
[marianodigabriele.com/wp-content/plugins/revslider/public/assets/assets/coloredbg.png]
[marianodigabriele.com/index1125.html]
[marianodigabriele.com/wp-content/plugins/revslider/public/assets/assets/loader.gif]
[marianodigabriele.com/wp-content/plugins/revslider/public/assets/css/settingsbde7.css]
[marianodigabriele.com/index9af7.html]
[marianodigabriele.com/wp-content/plugins/woocommerce/assets/css/woocommerce-layout46df.css]
[marianodigabriele.com/index811b.html]
[marianodigabriele.com/index8437.html]
[marianodigabriele.com/wp-content/plugins/woocommerce/assets/css/woocommerce-smallscreen46df.css]
[marianodigabriele.com/indexb262.html]
[marianodigabriele.com/indexeff9.html]
[marianodigabriele.com/indexf50d.html]
[marianodigabriele.com/wp-content/plugins/woocommerce/assets/fonts/star.eot]
[marianodigabriele.com/wp-content/plugins/woocommerce/assets/fonts/stard41d.eot]
[marianodigabriele.com/indexcc3b.html]
[marianodigabriele.com/wp-content/plugins/woocommerce/assets/fonts/star.woff]
[marianodigabriele.com/wp-content/plugins/woocommerce/assets/fonts/star.ttf]
[marianodigabriele.com/indexbc19.html]
[marianodigabriele.com/index3d93.html]
[marianodigabriele.com/indexb464.html]
[marianodigabriele.com/index36a7.html]
[marianodigabriele.com/wp-content/plugins/woocommerce/assets/fonts/WooCommerce.eot]
[marianodigabriele.com/index8bfd.html]
[marianodigabriele.com/wp-content/plugins/woocommerce/assets/fonts/WooCommerce.woff]
[marianodigabriele.com/wp-content/plugins/woocommerce/assets/fonts/WooCommerce.ttf]
[marianodigabriele.com/index36a0.html]
[marianodigabriele.com/indexaa27.html]
[marianodigabriele.com/index98fc.html]
[marianodigabriele.com/wp-content/plugins/woocommerce/assets/css/photoswipe/default-skin/default-skin.png]
[marianodigabriele.com/indexe3cf.html]
[marianodigabriele.com/index64b6.html]
[marianodigabriele.com/index9b83.html]
[marianodigabriele.com/index305d.html]
[marianodigabriele.com/indexb81f.html]
[marianodigabriele.com/index763f.html]
[marianodigabriele.com/indexaa12.html]
[marianodigabriele.com/index5cb5.html]
[marianodigabriele.com/index2468.html]
[marianodigabriele.com/index49ce.html]
[marianodigabriele.com/indexb31a.html]
[marianodigabriele.com/indexb5e7.html]
[marianodigabriele.com/index5b0d.html]
[marianodigabriele.com/index44fb.html]
[marianodigabriele.com/index93c6.html]
[marianodigabriele.com/indexffca.html]
[marianodigabriele.com/indexd236.html]
[marianodigabriele.com/index98f5.html]
[marianodigabriele.com/wp-content/plugins/woocommerce/assets/css/woocommerce46df.css]
[marianodigabriele.com/wp-content/themes/the-core-parent/style55fe.css]
[marianodigabriele.com/wp-content/plugins/woocommerce/assets/fonts/WooCommerced41d.eot]
[marianodigabriele.com/indexe0ca.html]
[marianodigabriele.com/indexe932.html]
[marianodigabriele.com/indexe212.html]
[marianodigabriele.com/wp-content/plugins/unyson/framework/static/libs/font-awesome/fonts/fontawesome-webfont3e6e.eot]
[marianodigabriele.com/wp-content/plugins/unyson/framework/static/libs/font-awesome/fonts/fontawesome-webfontd41d.eot]
[marianodigabriele.com/wp-content/plugins/unyson/framework/static/libs/font-awesome/fonts/fontawesome-webfont3e6e.woff2]
[marianodigabriele.com/wp-content/plugins/unyson/framework/static/libs/font-awesome/fonts/fontawesome-webfont3e6e.woff]
[marianodigabriele.com/wp-content/plugins/unyson/framework/static/libs/font-awesome/fonts/fontawesome-webfont3e6e.ttf]
[marianodigabriele.com/wp-content/plugins/unyson/framework/static/libs/font-awesome/css/font-awesome.min4537.css]
[marianodigabriele.com/wp-content/themes/the-core-parent/fonts/glyphicons-halflings-regular.60.delayed]
[marianodigabriele.com/wp-content/themes/the-core-parent/fonts/glyphicons-halflings-regulard41d.eot]
[marianodigabriele.com/wp-content/themes/the-core-parent/fonts/glyphicons-halflings-regular.woff]
[marianodigabriele.com/wp-content/themes/the-core-parent/fonts/glyphicons-halflings-regular.ttf]
[marianodigabriele.com/wp-content/themes/the-core-parent/fonts/glyphicons-halflings-regular.svg]
[marianodigabriele.com/wp-content/themes/the-core-parent/css/bootstrap982a.css]
[marianodigabriele.com/wp-content/themes/the-core-parent/css/jquery.mmenu.all982a.css]
[marianodigabriele.com/wp-content/uploads/the-core-style5eb4.css]
[marianodigabriele.com/wp-content/themes/the-core-child/style982a.css]
[marianodigabriele.com/wp-content/themes/the-core-parent/images/prettyPhoto/default/sprite.png]
[marianodigabriele.com/wp-content/themes/the-core-parent/images/prettyPhoto/default/sprite_x.png]
[marianodigabriele.com/wp-content/themes/the-core-parent/images/prettyPhoto/default/sprite_y.png]
[marianodigabriele.com/wp-content/themes/the-core-parent/images/prettyPhoto/default/sprite_next.png]
[marianodigabriele.com/wp-content/themes/the-core-parent/images/prettyPhoto/default/sprite_prev.png]
[marianodigabriele.com/wp-content/themes/the-core-parent/images/prettyPhoto/default/default_thumb.png]
[marianodigabriele.com/wp-content/themes/the-core-parent/images/prettyPhoto/default/loader.gif]
[marianodigabriele.com/wp-content/themes/the-core-parent/images/prettyPhoto/light_rounded/sprite.png]
[marianodigabriele.com/wp-content/themes/the-core-parent/images/prettyPhoto/light_rounded/btnNext.png]
[marianodigabriele.com/wp-content/themes/the-core-parent/images/prettyPhoto/light_rounded/btnPrevious.png]
[marianodigabriele.com/wp-content/themes/the-core-parent/images/prettyPhoto/dark_rounded/sprite.png]
[marianodigabriele.com/wp-content/themes/the-core-parent/images/prettyPhoto/dark_rounded/contentPattern.png]
[marianodigabriele.com/wp-content/themes/the-core-parent/images/prettyPhoto/dark_rounded/btnNext.png]
[marianodigabriele.com/wp-content/themes/the-core-parent/images/prettyPhoto/dark_rounded/btnPrevious.png]
[marianodigabriele.com/wp-content/themes/the-core-parent/images/prettyPhoto/dark_rounded/loader.gif]
[marianodigabriele.com/wp-content/themes/the-core-parent/images/prettyPhoto/dark_square/loader.gif]
[marianodigabriele.com/wp-content/themes/the-core-parent/images/prettyPhoto/dark_square/sprite.png]
[marianodigabriele.com/wp-content/themes/the-core-parent/images/prettyPhoto/dark_square/btnNext.png]
[marianodigabriele.com/wp-content/themes/the-core-parent/images/prettyPhoto/dark_square/btnPrevious.png]
[marianodigabriele.com/wp-content/themes/the-core-parent/images/prettyPhoto/light_square/sprite.png]
[marianodigabriele.com/wp-content/themes/the-core-parent/images/prettyPhoto/light_square/btnNext.png]
[marianodigabriele.com/wp-content/themes/the-core-parent/images/prettyPhoto/light_square/btnPrevious.png]
[marianodigabriele.com/wp-content/themes/the-core-parent/images/prettyPhoto/facebook/sprite.png]
[marianodigabriele.com/wp-content/themes/the-core-parent/images/prettyPhoto/facebook/contentPatternTop.png]
[marianodigabriele.com/wp-content/themes/the-core-parent/images/prettyPhoto/facebook/contentPatternLeft.png]
[marianodigabriele.com/wp-content/themes/the-core-parent/images/prettyPhoto/facebook/contentPatternRight.png]
[marianodigabriele.com/wp-content/themes/the-core-parent/images/prettyPhoto/facebook/loader.gif]
[marianodigabriele.com/wp-content/themes/the-core-parent/images/prettyPhoto/facebook/btnNext.png]
[marianodigabriele.com/wp-content/themes/the-core-parent/images/prettyPhoto/facebook/btnPrevious.png]
[marianodigabriele.com/wp-content/themes/the-core-parent/images/prettyPhoto/facebook/contentPatternBottom.png]
[marianodigabriele.com/wp-content/themes/the-core-parent/images/prettyPhoto/facebook/default_thumbnail.gif]
[marianodigabriele.com/wp-content/themes/the-core-parent/images/prettyPhoto/light_rounded/loader.gif]
[marianodigabriele.com/wp-content/themes/the-core-parent/css/prettyPhoto982a.css]
[marianodigabriele.com/wp-content/themes/the-core-parent/css/animate982a.css]
[marianodigabriele.com/wp-content/plugins/unyson/framework/extensions/shortcodes/shortcodes/section/static/css/background55fe.css]
[marianodigabriele.com/wp-content/uploads/2015/08/gallery_glass1.jpg]
[marianodigabriele.com/wp-content/uploads/2015/08/div_oblique_purple.png]
[marianodigabriele.com/indexe7f4.json]
[marianodigabriele.com/indexf62a.php]
[marianodigabriele.com/wp-content/uploads/2015/09/slide1_revo.jpg]
[marianodigabriele.com/wp-content/uploads/2015/09/slide3_revo.jpg]
[marianodigabriele.com/wp-content/uploads/2015/09/slide4_revo.jpg]
[marianodigabriele.com/wp-content/uploads/2015/08/gallery_urban.jpg]
[marianodigabriele.com/wp-content/uploads/2015/08/img_onfloor1.jpg]
[marianodigabriele.com/wp-content/uploads/2015/08/gallery_onphone.jpg]
[marianodigabriele.com/wp-content/uploads/2015/08/img_bingbang.jpg]
[marianodigabriele.com/wp-content/uploads/2015/05/Article-Business.jpg]
[marianodigabriele.com/wp-content/uploads/2015/08/gallery_coworkers.jpg]
[marianodigabriele.com/wp-content/uploads/2015/08/about-us-story.jpg]
[marianodigabriele.com/wp-content/uploads/2015/08/01About.png]
[marianodigabriele.com/wp-content/uploads/2015/09/portfolio-section-bg-black.jpg]
[marianodigabriele.com/wp-content/uploads/2015/08/Auto-Trader.jpg]
[marianodigabriele.com/wp-content/uploads/2015/08/Kiddo-Turf.jpg]
[marianodigabriele.com/indexfbeb.html]
[marianodigabriele.com/wp-content/uploads/2015/08/Beat-Heaven.jpg]
[marianodigabriele.com/wp-content/uploads/2015/08/The-Flavour.jpg]
[marianodigabriele.com/wp-content/uploads/2015/08/Help-Children.jpg]
[marianodigabriele.com/wp-content/uploads/2015/08/Paradise-Cove.jpg]
[marianodigabriele.com/indexcfec.html]
[marianodigabriele.com/wp-content/uploads/2015/08/Joannah-Cruz.jpg]
[marianodigabriele.com/wp-content/uploads/2015/08/Freelancer.jpg]
[marianodigabriele.com/index33a1.html]
[marianodigabriele.com/wp-content/uploads/2015/08/Exposure.jpg]
[marianodigabriele.com/wp-content/uploads/2015/08/portfolio-section-bg.jpg]
[marianodigabriele.com/indexb6de.html]
[marianodigabriele.com/wp-content/uploads/2015/08/magic_hat.png]
[marianodigabriele.com/wp-content/uploads/2015/08/03Team.png]
[marianodigabriele.com/indexfdf0.html]
[marianodigabriele.com/wp-content/uploads/2015/08/team_member1.jpg]
[marianodigabriele.com/index0e35.html]
[marianodigabriele.com/index726b.html]
[marianodigabriele.com/index5353.html]
[marianodigabriele.com/wp-content/uploads/2015/08/team_member21.jpg]
[marianodigabriele.com/wp-content/uploads/2015/08/team_member3.jpg]
[marianodigabriele.com/wp-content/uploads/2015/08/team_member4.jpg]
[marianodigabriele.com/wp-content/uploads/2015/09/Background-Offices.jpg]
[marianodigabriele.com/wp-content/uploads/2015/08/iMac.png]
[marianodigabriele.com/wp-content/uploads/2015/08/testimonials_bg.jpg]
[marianodigabriele.com/wp-content/uploads/2015/09/Red_Pattern1.jpg]
[marianodigabriele.com/wp-content/uploads/2015/09/elegant_icon-2.png]
[marianodigabriele.com/wp-content/themes/the-core-parent/js/modulo-columns982a.js]
[marianodigabriele.com/wp-content/themes/the-core-parent/js/isotope.pkgd.min982a.js]
[marianodigabriele.com/wp-content/themes/the-core-parent/framework-customizations/extensions/shortcodes/shortcodes/portfolio/static/js/portfolio-script982a.js]
[marianodigabriele.com/wp-content/themes/the-core-parent/framework-customizations/extensions/shortcodes/shortcodes/testimonials/static/js/scripts55fe.js]
[marianodigabriele.com/indexabdb.html]
[marianodigabriele.com/wp-content/themes/the-core-parent/framework-customizations/extensions/media/extensions/slider/extensions/fade-slider/static/js/fade-slider4537.js]
[marianodigabriele.com/wp-content/themes/the-core-parent/framework-customizations/extensions/media/extensions/slider/extensions/reload-slider/static/js/reload-slider4537.js]
[marianodigabriele.com/wp-content/uploads/2015/08/corso_logo.png]
[marianodigabriele.com/wp-content/uploads/2015/08/adamclarke_logo.png]
[marianodigabriele.com/wp-content/uploads/2015/08/AJ_logo.png]
[marianodigabriele.com/wp-content/uploads/2015/08/hunter_logo.png]
[marianodigabriele.com/wp-content/uploads/2015/08/revolts_logo.png]
[marianodigabriele.com/wp-content/uploads/2015/08/robinson_logo.png]
[marianodigabriele.com/wp-content/uploads/2015/08/edwards_logo.png]
[marianodigabriele.com/wp-content/uploads/2015/08/goodmans_logo.png]
[marianodigabriele.com/index1785.json]
[marianodigabriele.com/indexdeab.php]
[marianodigabriele.com/wp-content/uploads/2015/09/slide2_revo.jpg]
[marianodigabriele.com/wp-content/uploads/2015/05/Article-Mistakes1.jpg]
[marianodigabriele.com/wp-content/uploads/2015/08/laprop_icon.png]
[marianodigabriele.com/wp-content/uploads/2015/08/battery_icon.png]
[marianodigabriele.com/wp-content/uploads/2015/08/location_icon.png]
[marianodigabriele.com/wp-content/uploads/2015/09/About-Us-Composition-2.jpg]
[marianodigabriele.com/wp-content/uploads/2015/09/02GALLERY.png]
[marianodigabriele.com/wp-content/uploads/2015/08/brands_bg_test.jpg]
[marianodigabriele.com/index7ec2.html]
[marianodigabriele.com/indexfbbd.html]
[marianodigabriele.com/index737c.html]
[marianodigabriele.com/wp-content/uploads/2015/09/03Clients2.png]
[marianodigabriele.com/index4598.html]
[marianodigabriele.com/wp-content/uploads/2015/08/pattern_green.jpg]
[marianodigabriele.com/wp-content/uploads/2015/09/elegant_icon-31.png]
[marianodigabriele.com/wp-content/themes/the-core-parent/framework-customizations/extensions/media/extensions/slider/extensions/image-video-slider/static/js/image-video-slider4537.js]
[marianodigabriele.com/wp-content/themes/the-core-parent/framework-customizations/extensions/media/extensions/slider/extensions/themefuse-carousel/static/js/themefuse-carousel4537.js]
[marianodigabriele.com/index6e0f.html]
[marianodigabriele.com/indexebd9.json]
[marianodigabriele.com/index8183.php]
[marianodigabriele.com/wp-content/uploads/2015/09/shopping-slide-1.jpg]
[marianodigabriele.com/wp-content/uploads/2015/09/shopping-slide-2.jpg]
[marianodigabriele.com/wp-content/uploads/2015/09/shopping-slide-3.jpg]
[marianodigabriele.com/product/oregon-ducks-jersey/index.html]
[marianodigabriele.com/product/cal-bears-nike-jersey/index.html]
[marianodigabriele.com/wp-content/uploads/2015/09/131.jpg]
[marianodigabriele.com/product/washed-petit-jeans/index.html]
[marianodigabriele.com/wp-content/uploads/2015/09/171.jpg]
[marianodigabriele.com/index1b2a.html]
[marianodigabriele.com/index0a76.html]
[marianodigabriele.com/wp-content/uploads/2015/09/251.jpg]
[marianodigabriele.com/index2a48.html]
[marianodigabriele.com/wp-content/uploads/2015/09/211.jpg]
[marianodigabriele.com/wp-content/uploads/2015/09/91.jpg]
[marianodigabriele.com/index3b22.html]
[marianodigabriele.com/wp-content/uploads/2015/09/5.jpg]
[marianodigabriele.com/wp-content/uploads/2015/09/1.jpg]
[marianodigabriele.com/index5f55.html]
[marianodigabriele.com/wp-content/uploads/2015/09/Patch.png]
[marianodigabriele.com/wp-content/uploads/2015/09/Freeform-Pen-Tool.png]
[marianodigabriele.com/index5256.html]
[marianodigabriele.com/wp-content/uploads/2015/09/Pencil-Terminal.png]
[marianodigabriele.com/indexe059.html]
[marianodigabriele.com/index7659.html]
[marianodigabriele.com/index28d5.html]
[marianodigabriele.com/index06ec.html]
[marianodigabriele.com/index8325.html]
[marianodigabriele.com/wp-content/uploads/2015/08/div_oblique.png]
[marianodigabriele.com/index1fe6.html]
[marianodigabriele.com/wp-content/uploads/2015/08/rounded_twirl.png]
[marianodigabriele.com/indexa1d5.json]
[marianodigabriele.com/indexd236-2.html]
[marianodigabriele.com/indexd975.html]
[marianodigabriele.com/index55c3.php]
[marianodigabriele.com/indexad34.html]
[marianodigabriele.com/wp-content/uploads/2015/08/portf_1.jpg]
[marianodigabriele.com/wp-content/uploads/2015/08/portf_2.jpg]
[marianodigabriele.com/portfolio-page/3-columns/index.html]
[marianodigabriele.com/wp-content/uploads/2015/08/portf_3.jpg]
[marianodigabriele.com/wp-content/uploads/2015/08/portf_4.jpg]
[marianodigabriele.com/index9c02.html]
[marianodigabriele.com/wp-content/uploads/2015/08/elegant_icon.png]
[marianodigabriele.com/index5e6a.json]
[marianodigabriele.com/index316e.html]
[marianodigabriele.com/index1a5e.php]
[marianodigabriele.com/index1bf4.json]
[marianodigabriele.com/index58a6.html]
[marianodigabriele.com/index522f.php]
[marianodigabriele.com/index975c.json]
[marianodigabriele.com/indexe6db.html]
[marianodigabriele.com/index5071.php]
[marianodigabriele.com/index2649.json]
[marianodigabriele.com/indexf02f.php]
[marianodigabriele.com/wp-content/uploads/2015/09/headers-main1.jpg]
[marianodigabriele.com/wp-content/uploads/2015/09/headers-type1.jpg]
[marianodigabriele.com/wp-content/uploads/2015/09/headers-type2.jpg]
[marianodigabriele.com/wp-content/uploads/2015/09/headers-type3.jpg]
[marianodigabriele.com/indexe6be.html]
[marianodigabriele.com/wp-content/uploads/2015/09/headers-type4.jpg]
[marianodigabriele.com/index84c2.json]
[marianodigabriele.com/index44b8.php]
[marianodigabriele.com/wp-content/uploads/2015/09/footers-main.jpg]
[marianodigabriele.com/wp-content/uploads/2015/09/footers-var2.jpg]
[marianodigabriele.com/wp-content/uploads/2015/09/footers-var1.jpg]
[marianodigabriele.com/wp-content/uploads/2015/09/footers-var3.jpg]
[marianodigabriele.com/index3e64.html]
[marianodigabriele.com/index209a.json]
[marianodigabriele.com/indexb5c5.php]
[marianodigabriele.com/wp-content/uploads/2015/08/05Clients.png]
[marianodigabriele.com/indexcdf1.html]
[marianodigabriele.com/wp-content/uploads/2015/08/gallery_office1.jpg]
[marianodigabriele.com/wp-content/themes/the-core-parent/css/calendar55fe.css]
[marianodigabriele.com/index8ef7.json]
[marianodigabriele.com/index383b.php]
[marianodigabriele.com/wp-includes/js/underscore.min4511.js]
[marianodigabriele.com/wp-content/plugins/unyson/framework/extensions/shortcodes/shortcodes/calendar/static/libs/bootstrap3/js/bootstrap.min4537.js]
[marianodigabriele.com/wp-content/plugins/unyson/framework/extensions/shortcodes/shortcodes/calendar/static/libs/jstimezonedetect/jstz.min4537.js]
[marianodigabriele.com/wp-content/plugins/unyson/framework/extensions/shortcodes/shortcodes/calendar/static/js/calendar4537.js]
[marianodigabriele.com/wp-content/plugins/unyson/framework/extensions/shortcodes/shortcodes/calendar/static/js/scripts4537.js]
[marianodigabriele.com/indexe732.html]
[marianodigabriele.com/index7ba1.json]
[marianodigabriele.com/index8067.html]
[marianodigabriele.com/index58f2.php]
[marianodigabriele.com/index053f.json]
[marianodigabriele.com/index84f3.php]
[marianodigabriele.com/wp-content/uploads/2015/08/video_bg.jpg]
[marianodigabriele.com/wp-content/uploads/2015/08/gallery-1.jpg]
[marianodigabriele.com/wp-content/uploads/2015/08/the-flavour-4.jpg]
[marianodigabriele.com/wp-content/uploads/2015/08/the-flavour-2.jpg]
[marianodigabriele.com/wp-content/uploads/2015/08/the-flavour-1.jpg]
[marianodigabriele.com/wp-content/uploads/2015/08/gallery-5.jpg]
[marianodigabriele.com/index7f0d.html]
[marianodigabriele.com/wp-content/uploads/2015/09/slide07.jpg]
[marianodigabriele.com/index38c6.json]
[marianodigabriele.com/index108b.php]
[marianodigabriele.com/index1125.html]
[marianodigabriele.com/wp-content/uploads/2015/09/404page-e1441185940690.png]
[marianodigabriele.com/index47d9.json]
[marianodigabriele.com/indexcd5c.php]
[marianodigabriele.com/wp-content/uploads/2015/09/coming-soon-bg.jpg]
[marianodigabriele.com/wp-content/uploads/2015/09/coming-soon-logo.png]
[marianodigabriele.com/wp-content/themes/the-core-parent/js/lib/jquery.countdown.min4537.js]
[marianodigabriele.com/index9af7.html]
[marianodigabriele.com/wp-content/themes/the-core-parent/framework-customizations/extensions/shortcodes/shortcodes/countdown/static/js/scripts4537.js]
[marianodigabriele.com/index06ca.json]
[marianodigabriele.com/index27fc.php]
[marianodigabriele.com/wp-content/uploads/2015/09/maintenance-icon.png]
[marianodigabriele.com/index811b.html]
[marianodigabriele.com/index2241.json]
[marianodigabriele.com/index8437.html]
[marianodigabriele.com/index0384.php]
[marianodigabriele.com/indexaefc.json]
[marianodigabriele.com/indexb262.html]
[marianodigabriele.com/indexadef.php]
[marianodigabriele.com/index6cd2.json]
[marianodigabriele.com/indexeff9.html]
[marianodigabriele.com/index6f77.php]
[marianodigabriele.com/indexf088.json]
[marianodigabriele.com/indexf50d.html]
[marianodigabriele.com/index50fc.php]
[marianodigabriele.com/index6ace.json]
[marianodigabriele.com/indexcc3b.html]
[marianodigabriele.com/index5617.php]
[marianodigabriele.com/indexf2d1.json]
[marianodigabriele.com/indexbc19.html]
[marianodigabriele.com/indexf3cf.php]
[marianodigabriele.com/index1cf3.json]
[marianodigabriele.com/index3d93.html]
[marianodigabriele.com/index5881.php]
[marianodigabriele.com/index25cb.json]
[marianodigabriele.com/indexb464.html]
[marianodigabriele.com/index2844.php]
[marianodigabriele.com/index7440.json]
[marianodigabriele.com/index36a7.html]
[marianodigabriele.com/indexe8ec.php]
[marianodigabriele.com/indexbb4e.json]
[marianodigabriele.com/index04f3.php]
[marianodigabriele.com/wp-content/uploads/2015/08/the-flavour-header.jpg]
[marianodigabriele.com/wp-content/uploads/2015/08/the-flavour-3.jpg]
[marianodigabriele.com/wp-content/uploads/2015/08/04Gallery.png]
[marianodigabriele.com/wp-content/uploads/2015/08/gallery-2.jpg]
[marianodigabriele.com/wp-content/uploads/2015/08/gallery-3.jpg]
[marianodigabriele.com/wp-content/uploads/2015/08/gallery-4.jpg]
[marianodigabriele.com/wp-content/uploads/2015/08/gallery-6.jpg]
[marianodigabriele.com/wp-content/uploads/2015/08/gallery-7.jpg]
[marianodigabriele.com/wp-content/uploads/2015/08/gallery-8.jpg]
[marianodigabriele.com/wp-content/uploads/2015/08/gallery-9.jpg]
[marianodigabriele.com/index8bfd.html]
[marianodigabriele.com/wp-includes/js/comment-reply.min55fe.js]
[marianodigabriele.com/index6679.json]
[marianodigabriele.com/index2a42.php]
[marianodigabriele.com/wp-content/uploads/2015/08/pin.png]
[marianodigabriele.com/index36a0.html]
[marianodigabriele.com/index2f0e.json]
[marianodigabriele.com/indexae88.php]
[marianodigabriele.com/wp-content/uploads/2015/08/Article-Customers.jpg]
[marianodigabriele.com/wp-content/uploads/2015/09/Article-Plugins.jpg]
[marianodigabriele.com/indexaa27.html]
[marianodigabriele.com/wp-content/uploads/2015/08/Article-1-Details-Picture.jpg]
[marianodigabriele.com/index172c.json]
[marianodigabriele.com/index98fc.html]
[marianodigabriele.com/index5511.php]
[marianodigabriele.com/index3e52.json]
[marianodigabriele.com/indexe3cf.html]
[marianodigabriele.com/index7807.php]
[marianodigabriele.com/index93c4.json]
[marianodigabriele.com/index8720.php]
[marianodigabriele.com/wp-content/themes/the-core-parent/framework-customizations/extensions/shortcodes/shortcodes/slideshow/static/js/scripts982a.js]
[marianodigabriele.com/index64b6.html]
[marianodigabriele.com/index877c.json]
[marianodigabriele.com/index9b83.html]
[marianodigabriele.com/index68f5.php]
[marianodigabriele.com/indexbdd9.json]
[marianodigabriele.com/index12a4.php]
[marianodigabriele.com/wp-content/uploads/2015/08/sound_icon.png]
[marianodigabriele.com/wp-content/uploads/2015/08/video_icon.png]
[marianodigabriele.com/wp-content/uploads/2015/08/wireframe_icon.png]
[marianodigabriele.com/wp-content/uploads/2015/08/coding_icon.png]
[marianodigabriele.com/index305d.html]
[marianodigabriele.com/index806e.json]
[marianodigabriele.com/indexb81f.html]
[marianodigabriele.com/index0bf8.php]
[marianodigabriele.com/index42b9.json]
[marianodigabriele.com/index763f.html]
[marianodigabriele.com/indexd29b.php]
[marianodigabriele.com/index7a64.json]
[marianodigabriele.com/indexaa12.html]
[marianodigabriele.com/indexc4a8.php]
[marianodigabriele.com/wp-content/plugins/unyson/framework/extensions/shortcodes/shortcodes/map/static/css/styles55fe.css]
[marianodigabriele.com/index814d.json]
[marianodigabriele.com/index3d97.php]
[marianodigabriele.com/wp-content/themes/the-core-parent/framework-customizations/extensions/shortcodes/shortcodes/map/static/js/scripts4537.js]
[marianodigabriele.com/index5cb5.html]
[marianodigabriele.com/index00e4.json]
[marianodigabriele.com/index2468.html]
[marianodigabriele.com/index1afc.php]
[marianodigabriele.com/wp-content/uploads/2015/09/blog-header.jpg]
[marianodigabriele.com/wp-content/uploads/2015/09/Article-Artwork-2.jpg]
[marianodigabriele.com/index7e31.html]
[marianodigabriele.com/wp-content/uploads/2015/08/Article-Graphic1.jpg]
[marianodigabriele.com/indexd591.html]
[marianodigabriele.com/wp-content/uploads/2015/08/Article-Sliders1.jpg]
[marianodigabriele.com/indexcd64.html]
[marianodigabriele.com/wp-content/uploads/2015/07/Article-S6.jpg]
[marianodigabriele.com/indexb31a.html]
[marianodigabriele.com/index5eea.html]
[marianodigabriele.com/wp-content/uploads/2015/04/Article-PHP1.jpg]
[marianodigabriele.com/index40a0.html]
[marianodigabriele.com/indexe897.html]
[marianodigabriele.com/wp-content/uploads/2015/04/Article-Coding.jpg]
[marianodigabriele.com/index49ce.html]
[marianodigabriele.com/indexb5e7.html]
[marianodigabriele.com/indexf3fb.html]
[marianodigabriele.com/index77ce.html]
[marianodigabriele.com/wp-content/uploads/2015/06/Article-Marketing.jpg]
[marianodigabriele.com/index5b0d.html]
[marianodigabriele.com/indexa449.html]
[marianodigabriele.com/index5ac1.html]
[marianodigabriele.com/indexb533.json]
[marianodigabriele.com/index376e.html]
[marianodigabriele.com/indexe696.html]
[marianodigabriele.com/index01b8.html]
[marianodigabriele.com/index446c.php]
[marianodigabriele.com/index2dbd.html]
[marianodigabriele.com/index2b58.html]
[marianodigabriele.com/index018a.html]
[marianodigabriele.com/wp-content/themes/the-core-parent/js/start-masonry982a.js]
[marianodigabriele.com/index44fb.html]
[marianodigabriele.com/indexe04d.html]
[marianodigabriele.com/index559e.html]
[marianodigabriele.com/index5c83.html]
[marianodigabriele.com/index2381.json]
[marianodigabriele.com/index8dad.html]
[marianodigabriele.com/indexc1b2.html]
[marianodigabriele.com/index4ecc.html]
[marianodigabriele.com/index6eec.php]
[marianodigabriele.com/index93c6.html]
[marianodigabriele.com/index06ac.html]
[marianodigabriele.com/indexe0da.html]
[marianodigabriele.com/indexffca.html]
[marianodigabriele.com/indexc348.html]
[marianodigabriele.com/index2961.html]
[marianodigabriele.com/index83cd.html]
[marianodigabriele.com/index24fc.json]
[marianodigabriele.com/index0a23.html]
[marianodigabriele.com/index040d.html]
[marianodigabriele.com/indexf9f1.html]
[marianodigabriele.com/index5998.php]
[marianodigabriele.com/index4620.html]
[marianodigabriele.com/index1206.html]
[marianodigabriele.com/index8137.html]
[marianodigabriele.com/index621e.html]
[marianodigabriele.com/wp-content/uploads/2015/08/envelope.png]
[marianodigabriele.com/indexd236.html]
[marianodigabriele.com/indexde83.html]
[marianodigabriele.com/index6967.html]
[marianodigabriele.com/wp-content/uploads/2015/09/shop-header.jpg]
[marianodigabriele.com/index98f5.html]
[marianodigabriele.com/index93cb.html]
[marianodigabriele.com/index21c6.html]
[marianodigabriele.com/index406c.html]
[marianodigabriele.com/index8b93.html]
[marianodigabriele.com/index118f.html]
[marianodigabriele.com/wp-content/plugins/woocommerce/assets/css/select246df.css]
[marianodigabriele.com/wp-includes/js/zxcvbn-async.min5152.js]
[marianodigabriele.com/indexb84f.html]
[marianodigabriele.com/index18d0.json]
[marianodigabriele.com/index2690.html]
[marianodigabriele.com/index1c46.html]
[marianodigabriele.com/indexb84b.html]
[marianodigabriele.com/index693d.html]
[marianodigabriele.com/index1402.php]
[marianodigabriele.com/indexe8fd.html]
[marianodigabriele.com/wp-content/plugins/woocommerce/assets/js/frontend/country-select.min46df.js]
[marianodigabriele.com/indexbc30.html]
[marianodigabriele.com/indexd473.html]
[marianodigabriele.com/wp-content/plugins/woocommerce/assets/js/frontend/address-i18n.min46df.js]
[marianodigabriele.com/index76ce.html]
[marianodigabriele.com/indexa3c8.html]
[marianodigabriele.com/wp-content/plugins/woocommerce/assets/js/frontend/cart.min46df.js]
[marianodigabriele.com/index2e51.html]
[marianodigabriele.com/index3c78.html]
[marianodigabriele.com/wp-content/plugins/woocommerce/assets/js/selectWoo/selectWoo.full.min4bf4.js]
[marianodigabriele.com/index4edd.html]
[marianodigabriele.com/wp-admin/js/password-strength-meter.min55fe.js]
[marianodigabriele.com/index8467.html]
[marianodigabriele.com/indexe0ca.html]
[marianodigabriele.com/index791f.html]
[marianodigabriele.com/wp-content/plugins/woocommerce/assets/js/frontend/password-strength-meter.min46df.js]
[marianodigabriele.com/index5fda.html]
[marianodigabriele.com/index5076.json]
[marianodigabriele.com/indexe212.html]
[marianodigabriele.com/index7133.php]
[marianodigabriele.com/wp-content/themes/the-core-parent/js/isotope.pkgd.mince14.js]
[marianodigabriele.com/indexeded.html]
[marianodigabriele.com/wp-content/themes/the-core-parent/js/masonry.pkgd.min982a.js]
[marianodigabriele.com/index5f76.html]
[marianodigabriele.com/index4075.html]
[marianodigabriele.com/indexe932.html]
[marianodigabriele.com/wp-content/plugins/revslider/public/assets/fonts/revicons/revicons90c6.svg]
[marianodigabriele.com/wp-content/plugins/revslider/public/assets/css/openhand.html]
[marianodigabriele.com/wp-content/plugins/revslider/public/assets/css/closedhand.html]
[marianodigabriele.com/wp-content/plugins/woocommerce/assets/fonts/star.svg]
[marianodigabriele.com/wp-content/plugins/woocommerce/assets/fonts/WooCommerce.svg]
[marianodigabriele.com/wp-content/plugins/woocommerce/assets/images/icons/loader.svg]
[marianodigabriele.com/wp-content/plugins/woocommerce/assets/images/icons/credit-cards/visa.svg]
[marianodigabriele.com/wp-content/plugins/woocommerce/assets/images/icons/credit-cards/mastercard.svg]
[marianodigabriele.com/wp-content/plugins/woocommerce/assets/images/icons/credit-cards/laser.svg]
[marianodigabriele.com/wp-content/plugins/woocommerce/assets/images/icons/credit-cards/diners.svg]
[marianodigabriele.com/wp-content/plugins/woocommerce/assets/images/icons/credit-cards/maestro.svg]
[marianodigabriele.com/wp-content/plugins/woocommerce/assets/images/icons/credit-cards/jcb.svg]
[marianodigabriele.com/wp-content/plugins/woocommerce/assets/images/icons/credit-cards/amex.svg]
[marianodigabriele.com/wp-content/plugins/woocommerce/assets/images/icons/credit-cards/discover.svg]
[marianodigabriele.com/wp-content/plugins/unyson/framework/static/libs/font-awesome/fonts/fontawesome-webfont3e6e.svg]
[marianodigabriele.com/wp-content/themes/the-core-parent/fonts/glyphicons-halflings-regular.html]
[marianodigabriele.com/wp-content/themes/the-core-parent/fonts/glyphicons-halflings-regulard41d.html]
[marianodigabriele.com/wp-content/themes/the-core-parent/fonts/glyphicons-halflings-regular-2.html]
[marianodigabriele.com/wp-content/themes/the-core-parent/fonts/glyphicons-halflings-regular-3.html]
[marianodigabriele.com/wp-content/themes/the-core-parent/fonts/glyphicons-halflings-regular-4.html]
[marianodigabriele.com/index7c54.html]
[marianodigabriele.com/index4332.html]
[marianodigabriele.com/wp-content/themes/the-core-parent/js/general55fe.js]
[marianodigabriele.com/index3f12.json]
[marianodigabriele.com/indexfbeb.html]
[marianodigabriele.com/index9e45.php]
[marianodigabriele.com/index7e19.json]
[marianodigabriele.com/indexcfec.html]
[marianodigabriele.com/indexe3e8.php]
[marianodigabriele.com/index9bbb.json]
[marianodigabriele.com/index33a1.html]
[marianodigabriele.com/indexf67f.php]
[marianodigabriele.com/index25a5.json]
[marianodigabriele.com/indexb6de.html]
[marianodigabriele.com/index41e8.php]
[marianodigabriele.com/index3159.json]
[marianodigabriele.com/indexfdf0.html]
[marianodigabriele.com/index7f3d.php]
[marianodigabriele.com/index23a9.json]
[marianodigabriele.com/index0e35.html]
[marianodigabriele.com/index1415.php]
[marianodigabriele.com/index1530.json]
[marianodigabriele.com/index726b.html]
[marianodigabriele.com/indexe0ec.php]
[marianodigabriele.com/index2dee.json]
[marianodigabriele.com/index5353.html]
[marianodigabriele.com/index7f28.html]
[marianodigabriele.com/index7ec2.html]
[marianodigabriele.com/indexfbbd.html]
[marianodigabriele.com/index737c.html]
[marianodigabriele.com/index8ffb.php]
[marianodigabriele.com/index4598.html]
[marianodigabriele.com/indexbe50.html]
[marianodigabriele.com/indexc88f.html]
[marianodigabriele.com/indexd027.html]
[marianodigabriele.com/indexccb6.html]
[marianodigabriele.com/index1e9b.html]
[marianodigabriele.com/product/oregon-ducks-jersey/index.html]
[marianodigabriele.com/product/cal-bears-nike-jersey/index.html]
[marianodigabriele.com/product/washed-petit-jeans/index.html]
[marianodigabriele.com/wp-content/plugins/woocommerce/assets/css/photoswipe/photoswipe46df.css]
[marianodigabriele.com/wp-content/plugins/woocommerce/assets/css/photoswipe/default-skin/default-skin46df.css]
[marianodigabriele.com/indexc4c2.json]
[marianodigabriele.com/index30f2.php]
[marianodigabriele.com/wp-content/uploads/2015/09/161.jpg]
[marianodigabriele.com/wp-content/uploads/2015/09/161-150x150.jpg]
[marianodigabriele.com/index7c54-2.html]
[marianodigabriele.com/wp-content/uploads/2015/09/141.jpg]
[marianodigabriele.com/wp-content/uploads/2015/09/141-150x150.jpg]
[marianodigabriele.com/wp-content/uploads/2015/09/151.jpg]
[marianodigabriele.com/wp-content/uploads/2015/09/151-150x150.jpg]
[marianodigabriele.com/wp-content/plugins/woocommerce/assets/js/zoom/jquery.zoom.min82b5.js]
[marianodigabriele.com/indexb921.html]
[marianodigabriele.com/index623d.html]
[marianodigabriele.com/index915c.html]
[marianodigabriele.com/indexb124.html]
[marianodigabriele.com/wp-content/plugins/woocommerce/assets/js/photoswipe/photoswipe.min0235.js]
[marianodigabriele.com/wp-content/plugins/woocommerce/assets/js/photoswipe/photoswipe-ui-default.min0235.js]
[marianodigabriele.com/index610a.html]
[marianodigabriele.com/index1b2a.html]
[marianodigabriele.com/index0a76.html]
[marianodigabriele.com/index2844.html]
[marianodigabriele.com/index95c6.html]
[marianodigabriele.com/wp-content/plugins/woocommerce/assets/js/frontend/single-product.min46df.js]
[marianodigabriele.com/indexb6ba.json]
[marianodigabriele.com/indexac3a.php]
[marianodigabriele.com/wp-content/uploads/2015/09/201.jpg]
[marianodigabriele.com/wp-content/uploads/2015/09/201-150x150.jpg]
[marianodigabriele.com/index0eed.html]
[marianodigabriele.com/wp-content/uploads/2015/09/181.jpg]
[marianodigabriele.com/wp-content/uploads/2015/09/181-150x150.jpg]
[marianodigabriele.com/wp-content/uploads/2015/09/191.jpg]
[marianodigabriele.com/index2a48.html]
[marianodigabriele.com/wp-content/uploads/2015/09/191-150x150.jpg]
[marianodigabriele.com/index3b22.html]
[marianodigabriele.com/index9aed.html]
[marianodigabriele.com/index92d0.html]
[marianodigabriele.com/index0245.html]
[marianodigabriele.com/indexe80a.json]
[marianodigabriele.com/index63a1.html]
[marianodigabriele.com/index0846.php]
[marianodigabriele.com/wp-content/uploads/2015/09/281.jpg]
[marianodigabriele.com/wp-content/uploads/2015/09/281-150x150.jpg]
[marianodigabriele.com/wp-content/uploads/2015/09/261.jpg]
[marianodigabriele.com/wp-content/uploads/2015/09/261-150x150.jpg]
[marianodigabriele.com/wp-content/uploads/2015/09/271.jpg]
[marianodigabriele.com/index5f55.html]
[marianodigabriele.com/wp-content/uploads/2015/09/271-150x150.jpg]
[marianodigabriele.com/index5256.html]
[marianodigabriele.com/indexd8a5.html]
[marianodigabriele.com/indexd9ec.html]
[marianodigabriele.com/index63ef.html]
[marianodigabriele.com/index6d10.json]
[marianodigabriele.com/index3841.html]
[marianodigabriele.com/index5cb7.html]
[marianodigabriele.com/index59b3.php]
[marianodigabriele.com/wp-content/uploads/2015/09/241.jpg]
[marianodigabriele.com/wp-content/uploads/2015/09/241-150x150.jpg]
[marianodigabriele.com/wp-content/uploads/2015/09/221.jpg]
[marianodigabriele.com/wp-content/uploads/2015/09/221-150x150.jpg]
[marianodigabriele.com/wp-content/uploads/2015/09/231.jpg]
[marianodigabriele.com/index7659.html]
[marianodigabriele.com/wp-content/uploads/2015/09/231-150x150.jpg]
[marianodigabriele.com/index28d5.html]
[marianodigabriele.com/index135b.html]
[marianodigabriele.com/indexec1e.html]
[marianodigabriele.com/index6aea.php]
[marianodigabriele.com/indexa6c9.html]
[marianodigabriele.com/index700d.html]
[marianodigabriele.com/indexb999.php]
[marianodigabriele.com/wp-content/uploads/2015/09/121.jpg]
[marianodigabriele.com/wp-content/uploads/2015/09/121-150x150.jpg]
[marianodigabriele.com/wp-content/uploads/2015/09/101.jpg]
[marianodigabriele.com/wp-content/uploads/2015/09/101-150x150.jpg]
[marianodigabriele.com/wp-content/uploads/2015/09/111.jpg]
[marianodigabriele.com/index06ec.html]
[marianodigabriele.com/wp-content/uploads/2015/09/111-150x150.jpg]
[marianodigabriele.com/index1fe6.html]
[marianodigabriele.com/index19ce.html]
[marianodigabriele.com/indexb53b.html]
[marianodigabriele.com/indexbb48.html]
[marianodigabriele.com/indexc73c.json]
[marianodigabriele.com/index8222.html]
[marianodigabriele.com/index3c97.php]
[marianodigabriele.com/wp-content/uploads/2015/09/81.jpg]
[marianodigabriele.com/wp-content/uploads/2015/09/81-150x150.jpg]
[marianodigabriele.com/wp-content/uploads/2015/09/6.jpg]
[marianodigabriele.com/wp-content/uploads/2015/09/6-150x150.jpg]
[marianodigabriele.com/wp-content/uploads/2015/09/71.jpg]
[marianodigabriele.com/index8325.html]
[marianodigabriele.com/wp-content/uploads/2015/09/71-150x150.jpg]
[marianodigabriele.com/indexd975.html]
[marianodigabriele.com/index6e44.html]
[marianodigabriele.com/indexd0c7.html]
[marianodigabriele.com/indexbb17.html]
[marianodigabriele.com/index0fbe.json]
[marianodigabriele.com/indexd853.html]
[marianodigabriele.com/index6721.php]
[marianodigabriele.com/wp-content/uploads/2015/09/4.jpg]
[marianodigabriele.com/wp-content/uploads/2015/09/4-150x150.jpg]
[marianodigabriele.com/wp-content/uploads/2015/09/2.jpg]
[marianodigabriele.com/wp-content/uploads/2015/09/2-150x150.jpg]
[marianodigabriele.com/wp-content/uploads/2015/09/3.jpg]
[marianodigabriele.com/indexd236-2.html]
[marianodigabriele.com/wp-content/uploads/2015/09/3-150x150.jpg]
[marianodigabriele.com/indexad34.html]
[marianodigabriele.com/index6414.html]
[marianodigabriele.com/index8541.html]
[marianodigabriele.com/index4f97.html]
[marianodigabriele.com/portfolio-page/3-columns/index.html]
[marianodigabriele.com/indexaead.html]
[marianodigabriele.com/indexb325.html]
[marianodigabriele.com/index4f27.html]
[marianodigabriele.com/index2f36.html]
[marianodigabriele.com/index650d.html]
[marianodigabriele.com/index64b4.html]
[marianodigabriele.com/wp-content/themes/the-core-parent/css/calendar55fe.css]
[marianodigabriele.com/indexa83f.html]
[marianodigabriele.com/index0b69.html]
[marianodigabriele.com/index0e62.html]
[marianodigabriele.com/indexa730.html]
[marianodigabriele.com/index644c.html]
[marianodigabriele.com/index3fe9.html]
[marianodigabriele.com/index9117.html]
[marianodigabriele.com/indexbb97.html]
[marianodigabriele.com/index4192.html]
[marianodigabriele.com/index039f.html]
[marianodigabriele.com/indexc921.html]
[marianodigabriele.com/index7849.html]
[marianodigabriele.com/indexd030.html]
[marianodigabriele.com/index2b52.html]
[marianodigabriele.com/index29f2.html]
[marianodigabriele.com/indexc214.html]
[marianodigabriele.com/index5998.html]
[marianodigabriele.com/index6dbe.html]
[marianodigabriele.com/index3003.html]
[marianodigabriele.com/indexac80.html]
[marianodigabriele.com/index54ff.html]
[marianodigabriele.com/index2a36.html]
[marianodigabriele.com/index9567.html]
[marianodigabriele.com/index3e97.html]
[marianodigabriele.com/indexcfcd.html]
[marianodigabriele.com/indexd4ea.html]
[marianodigabriele.com/index02c1.html]
[marianodigabriele.com/wp-content/plugins/unyson/framework/extensions/shortcodes/shortcodes/map/static/css/styles55fe.css]
[marianodigabriele.com/index74d1.html]
[marianodigabriele.com/index952d.html]
[marianodigabriele.com/index5bc1.html]
[marianodigabriele.com/index61a3.html]
[marianodigabriele.com/index0ec0.json]
[marianodigabriele.com/index187b.html]
[marianodigabriele.com/indexbdfd.php]
[marianodigabriele.com/wp-content/uploads/2015/09/Article-Image.jpg]
[marianodigabriele.com/wp-content/uploads/2015/09/Post-Quotes.png]
[marianodigabriele.com/indexd591.html]
[marianodigabriele.com/index1df1.html]
[marianodigabriele.com/indexcd64.html]
[marianodigabriele.com/index6a52.html]
[marianodigabriele.com/index1d2f.html]
[marianodigabriele.com/indexafd8.html]
[marianodigabriele.com/indexb865.php]
[marianodigabriele.com/index8831.html]
[marianodigabriele.com/index400b.html]
[marianodigabriele.com/index78a0.html]
[marianodigabriele.com/index7eff.html]
[marianodigabriele.com/indexf3cc.html]
[marianodigabriele.com/index4775.php]
[marianodigabriele.com/index5eea.html]
[marianodigabriele.com/index3571.html]
[marianodigabriele.com/index3385.html]
[marianodigabriele.com/index5546.html]
[marianodigabriele.com/index0bba.json]
[marianodigabriele.com/index0f55.html]
[marianodigabriele.com/index8f20.html]
[marianodigabriele.com/index8ad8.php]
[marianodigabriele.com/index40a0.html]
[marianodigabriele.com/index02cb.html]
[marianodigabriele.com/indexf05e.html]
[marianodigabriele.com/indexa40b.html]
[marianodigabriele.com/index76e7.json]
[marianodigabriele.com/index76ec.html]
[marianodigabriele.com/indexa71f.html]
[marianodigabriele.com/index1c74.php]
[marianodigabriele.com/indexe897.html]
[marianodigabriele.com/index19e6.html]
[marianodigabriele.com/indexf7c1.html]
[marianodigabriele.com/index770c.html]
[marianodigabriele.com/index26b0.html]
[marianodigabriele.com/index46d2.json]
[marianodigabriele.com/index0c3c.html]
[marianodigabriele.com/index3f34.html]
[marianodigabriele.com/indexf3fb.html]
[marianodigabriele.com/index2770.html]
[marianodigabriele.com/indexc4cf.php]
[marianodigabriele.com/indexc2e4.html]
[marianodigabriele.com/index0924.html]
[marianodigabriele.com/indexbe24.json]
[marianodigabriele.com/indexbbc1.html]
[marianodigabriele.com/indexb389.html]
[marianodigabriele.com/index77ce.html]
[marianodigabriele.com/indexbc96.html]
[marianodigabriele.com/indexec1b.php]
[marianodigabriele.com/indexa449.html]
[marianodigabriele.com/indexae1b.html]
[marianodigabriele.com/indexabd9.html]
[marianodigabriele.com/wp-content/uploads/2015/03/Article-Alienware.jpg]
[marianodigabriele.com/index5ac1.html]
[marianodigabriele.com/index376e.html]
[marianodigabriele.com/index33c8.html]
[marianodigabriele.com/indexe696.html]
[marianodigabriele.com/index9533.html]
[marianodigabriele.com/index01b8.html]
[marianodigabriele.com/index9137.html]
[marianodigabriele.com/index2dbd.html]
[marianodigabriele.com/index69aa.html]
[marianodigabriele.com/indexadeb.html]
[marianodigabriele.com/indexe04d.html]
[marianodigabriele.com/indexbf5f.html]
[marianodigabriele.com/index2b58.html]
[marianodigabriele.com/index018a.html]
[marianodigabriele.com/indexd171.html]
[marianodigabriele.com/index559e.html]
[marianodigabriele.com/index5751.html]
[marianodigabriele.com/indexcec2.html]
[marianodigabriele.com/indexa34e.html]
[marianodigabriele.com/index8dad.html]
[marianodigabriele.com/indexfa35.html]
[marianodigabriele.com/index5c83.html]
[marianodigabriele.com/index6931.html]
[marianodigabriele.com/indexc1b2.html]
[marianodigabriele.com/index4c4a.html]
[marianodigabriele.com/index9dff.html]
[marianodigabriele.com/index4ecc.html]
[marianodigabriele.com/index6760.html]
[marianodigabriele.com/indexe0da.html]
[marianodigabriele.com/indexbc57.html]
[marianodigabriele.com/index06ac.html]
[marianodigabriele.com/indexdaef.html]
[marianodigabriele.com/indexc348.html]
[marianodigabriele.com/index1e00.html]
[marianodigabriele.com/index83cd.html]
[marianodigabriele.com/index6d58.html]
[marianodigabriele.com/index32c2.html]
[marianodigabriele.com/index2961.html]
[marianodigabriele.com/indexb4d6.html]
[marianodigabriele.com/index4133.html]
[marianodigabriele.com/index0a23.html]
[marianodigabriele.com/index138f.html]
[marianodigabriele.com/index8f84.html]
[marianodigabriele.com/index718a.html]
[marianodigabriele.com/indexfdbf.html]
[marianodigabriele.com/index040d.html]
[marianodigabriele.com/index0361.html]
[marianodigabriele.com/indexf9f1.html]
[marianodigabriele.com/index8bc9.html]
[marianodigabriele.com/index4620.html]
[marianodigabriele.com/index8137.html]
[marianodigabriele.com/indexbe1d.html]
[marianodigabriele.com/index3215.html]
[marianodigabriele.com/indexd72c.json]
[marianodigabriele.com/index9fb3.html]
[marianodigabriele.com/indexde83.html]
[marianodigabriele.com/indexbf2c.php]
[marianodigabriele.com/index33c8-2.html]
[marianodigabriele.com/index9f9a.json]
[marianodigabriele.com/index203a.html]
[marianodigabriele.com/index4438.html]
[marianodigabriele.com/indexea62.html]
[marianodigabriele.com/index2408.php]
[marianodigabriele.com/index621e.html]
[marianodigabriele.com/indexd7b7.html]
[marianodigabriele.com/indexa97b.html]
[marianodigabriele.com/indexed93.html]
[marianodigabriele.com/index8f3a.html]
[marianodigabriele.com/indexf9d1.json]
[marianodigabriele.com/index28a3.html]
[marianodigabriele.com/index9e7e.html]
[marianodigabriele.com/index6967.html]
[marianodigabriele.com/index0799.html]
[marianodigabriele.com/index5e94.php]
[marianodigabriele.com/index272f.json]
[marianodigabriele.com/index93cb.html]
[marianodigabriele.com/index87bb.php]
[marianodigabriele.com/index24dd.html]
[marianodigabriele.com/indexec99.html]
[marianodigabriele.com/indexbf12.html]
[marianodigabriele.com/index3963.json]
[marianodigabriele.com/indexfd72.html]
[marianodigabriele.com/index118f.html]
[marianodigabriele.com/index1aa7.php]
[marianodigabriele.com/index7a1c.html]
[marianodigabriele.com/index1246.html]
[marianodigabriele.com/indexe7e7.json]
[marianodigabriele.com/index679d.html]
[marianodigabriele.com/indexd1d4.html]
[marianodigabriele.com/indexb84f.html]
[marianodigabriele.com/index233f.html]
[marianodigabriele.com/indexb5e2.html]
[marianodigabriele.com/indexa997.php]
[marianodigabriele.com/index6dfd.json]
[marianodigabriele.com/index7a7d.html]
[marianodigabriele.com/indexf008.html]
[marianodigabriele.com/index5f5f.html]
[marianodigabriele.com/index1c46.html]
[marianodigabriele.com/indexea75.php]
[marianodigabriele.com/indexad7d.json]
[marianodigabriele.com/index820f.html]
[marianodigabriele.com/indexb84b.html]
[marianodigabriele.com/index01b2.php]
[marianodigabriele.com/indexb317.json]
[marianodigabriele.com/index7d43.html]
[marianodigabriele.com/index693d.html]
[marianodigabriele.com/index7736.php]
[marianodigabriele.com/index7d8f.json]
[marianodigabriele.com/indexb395.html]
[marianodigabriele.com/indexe8fd.html]
[marianodigabriele.com/indexc240.php]
[marianodigabriele.com/index12ad.json]
[marianodigabriele.com/indexbc30.html]
[marianodigabriele.com/index1f77.html]
[marianodigabriele.com/indexedaa.php]
[marianodigabriele.com/indexb3c1.json]
[marianodigabriele.com/indexd473.html]
[marianodigabriele.com/index678b.html]
[marianodigabriele.com/indexa3c8.html]
[marianodigabriele.com/index2e51.html]
[marianodigabriele.com/index3c78.html]
[marianodigabriele.com/index4edd.html]
[marianodigabriele.com/index8467.html]
[marianodigabriele.com/index5fda.html]
[marianodigabriele.com/index791f.html]
[marianodigabriele.com/wp-content/plugins/woocommerce/assets/css/select246df.css]
[marianodigabriele.com/index22c9.html]
[marianodigabriele.com/index0d2a.html]
[marianodigabriele.com/index2cf7.html]
[marianodigabriele.com/index7d46.php]
[marianodigabriele.com/wp-content/plugins/woocommerce/assets/js/frontend/lost-password.min46df.js]
[marianodigabriele.com/indexeded.html]
[marianodigabriele.com/index4075.html]
[marianodigabriele.com/index4332.html]
[marianodigabriele.com/index48ed.html]
[marianodigabriele.com/index9844.html]
[marianodigabriele.com/index264e.html]
[marianodigabriele.com/index3177.html]
[marianodigabriele.com/index2d48.html]
[marianodigabriele.com/index2632.html]
[marianodigabriele.com/indexda4e.html]
[marianodigabriele.com/indexbb46.html]
[marianodigabriele.com/indexd09d.html]
[marianodigabriele.com/indexd0d3.html]
[marianodigabriele.com/index59b9.html]
[marianodigabriele.com/index07cd.html]
[marianodigabriele.com/indexfb9d.html]
[marianodigabriele.com/index15f1.html]
[marianodigabriele.com/index01b2.html]
[marianodigabriele.com/index94f9.html]
[marianodigabriele.com/index291b.html]
[marianodigabriele.com/indexc5f9.html]
[marianodigabriele.com/index579c.html]
[marianodigabriele.com/index0345.html]
[marianodigabriele.com/indexe823.html]
[marianodigabriele.com/wp-content/plugins/woocommerce/assets/css/photoswipe/photoswipe46df.css]
[marianodigabriele.com/wp-content/plugins/woocommerce/assets/css/photoswipe/default-skin/default-skin46df.css]
[marianodigabriele.com/indexa3c9.html]
[marianodigabriele.com/index7c54-2.html]
[marianodigabriele.com/wp-content/plugins/woocommerce/assets/css/photoswipe/default-skin/preloader.gif]
[marianodigabriele.com/indexb921.html]
[marianodigabriele.com/index678d.html]
[marianodigabriele.com/index623d.html]
[marianodigabriele.com/indexda96.html]
[marianodigabriele.com/indexb124.html]
[marianodigabriele.com/index70b7.html]
[marianodigabriele.com/indexa78b.html]
[marianodigabriele.com/index915c.html]
[marianodigabriele.com/index6194.html]
[marianodigabriele.com/index806c.html]
[marianodigabriele.com/index610a.html]
[marianodigabriele.com/index9c36.html]
[marianodigabriele.com/index2844.html]
[marianodigabriele.com/index8db4.html]
[marianodigabriele.com/index2085.html]
[marianodigabriele.com/index95c6.html]
[marianodigabriele.com/indexe97a.html]
[marianodigabriele.com/indexe272.html]
[marianodigabriele.com/index4ade.html]
[marianodigabriele.com/index3e84.html]
[marianodigabriele.com/indexaacf.html]
[marianodigabriele.com/indexdeb7.html]
[marianodigabriele.com/index1096.html]
[marianodigabriele.com/index34be.html]
[marianodigabriele.com/index07d9.html]
[marianodigabriele.com/index0eed.html]
[marianodigabriele.com/indexf6ae.html]
[marianodigabriele.com/index92d0.html]
[marianodigabriele.com/index92ba.html]
[marianodigabriele.com/index9aed.html]
[marianodigabriele.com/index939a.html]
[marianodigabriele.com/index0245.html]
[marianodigabriele.com/indexcd0b.html]
[marianodigabriele.com/index63a1.html]
[marianodigabriele.com/index03c2.html]
[marianodigabriele.com/index5b4c.html]
[marianodigabriele.com/indexf1ab.html]
[marianodigabriele.com/index97a9.html]
[marianodigabriele.com/indexd8a5.html]
[marianodigabriele.com/index4c47.html]
[marianodigabriele.com/indexd9ec.html]
[marianodigabriele.com/index8b3b.html]
[marianodigabriele.com/index63ef.html]
[marianodigabriele.com/indexe399.html]
[marianodigabriele.com/index5cb7.html]
[marianodigabriele.com/indexe3ea.html]
[marianodigabriele.com/index3841.html]
[marianodigabriele.com/index1bad.html]
[marianodigabriele.com/indexa55b.html]
[marianodigabriele.com/index1ccf.html]
[marianodigabriele.com/index2fbf.html]
[marianodigabriele.com/index616a.html]
[marianodigabriele.com/index744c.html]
[marianodigabriele.com/index135b.html]
[marianodigabriele.com/indexec1e.html]
[marianodigabriele.com/indexa6c9.html]
[marianodigabriele.com/index700d.html]
[marianodigabriele.com/indexc0a8.html]
[marianodigabriele.com/indexabcf.html]
[marianodigabriele.com/indexb53b.html]
[marianodigabriele.com/index19ce.html]
[marianodigabriele.com/index941c.html]
[marianodigabriele.com/indexbb48.html]
[marianodigabriele.com/index8222.html]
[marianodigabriele.com/indexe2ef.html]
[marianodigabriele.com/index070c.html]
[marianodigabriele.com/index6e44.html]
[marianodigabriele.com/indexd0c7.html]
[marianodigabriele.com/indexbb17.html]
[marianodigabriele.com/indexd853.html]
[marianodigabriele.com/index7283.html]
[marianodigabriele.com/indexd880.html]
[marianodigabriele.com/indexac56.html]
[marianodigabriele.com/index8541.html]
[marianodigabriele.com/index4f97.html]
[marianodigabriele.com/index5bc1.html]
[marianodigabriele.com/index61a3.html]
[marianodigabriele.com/index4f8a.html]
[marianodigabriele.com/index1df1.html]
[marianodigabriele.com/indexafd8.html]
[marianodigabriele.com/index6a52.html]
[marianodigabriele.com/index1d2f.html]
[marianodigabriele.com/index8831.html]
[marianodigabriele.com/index400b.html]
[marianodigabriele.com/indexf3cc.html]
[marianodigabriele.com/index7eff.html]
[marianodigabriele.com/index5546.html]
[marianodigabriele.com/index3385.html]
[marianodigabriele.com/index8f20.html]
[marianodigabriele.com/index0f55.html]
[marianodigabriele.com/indexa40b.html]
[marianodigabriele.com/indexf05e.html]
[marianodigabriele.com/indexa71f.html]
[marianodigabriele.com/index76ec.html]
[marianodigabriele.com/index19e6.html]
[marianodigabriele.com/indexf7c1.html]
[marianodigabriele.com/index770c.html]
[marianodigabriele.com/index0c3c.html]
[marianodigabriele.com/indexc2e4.html]
[marianodigabriele.com/index3f34.html]
[marianodigabriele.com/index0924.html]
[marianodigabriele.com/indexbbc1.html]
[marianodigabriele.com/indexb389.html]
[marianodigabriele.com/indexae1b.html]
[marianodigabriele.com/indexabd9.html]
[marianodigabriele.com/index33c8.html]
[marianodigabriele.com/index55c5.html]
[marianodigabriele.com/indexf67b.json]
[marianodigabriele.com/index1a98.html]
[marianodigabriele.com/index9137.html]
[marianodigabriele.com/indexf764.php]
[marianodigabriele.com/index69aa.html]
[marianodigabriele.com/indexadeb.html]
[marianodigabriele.com/indexbf5f.html]
[marianodigabriele.com/indexd171.html]
[marianodigabriele.com/indexcec2.html]
[marianodigabriele.com/index5751.html]
[marianodigabriele.com/indexa34e.html]
[marianodigabriele.com/indexfa35.html]
[marianodigabriele.com/index6760.html]
[marianodigabriele.com/index4c4a.html]
[marianodigabriele.com/index6931.html]
[marianodigabriele.com/indexbc57.html]
[marianodigabriele.com/index9dff.html]
[marianodigabriele.com/indexdaef.html]
[marianodigabriele.com/index1e00.html]
[marianodigabriele.com/index32c2.html]
[marianodigabriele.com/index6d58.html]
[marianodigabriele.com/indexb4d6.html]
[marianodigabriele.com/index4133.html]
[marianodigabriele.com/indexd7b7.html]
[marianodigabriele.com/indexa97b.html]
[marianodigabriele.com/indexed93.html]
[marianodigabriele.com/index8f3a.html]
[marianodigabriele.com/index9e7e.html]
[marianodigabriele.com/indexbf12.html]
[marianodigabriele.com/index24dd.html]
[marianodigabriele.com/index1246.html]
[marianodigabriele.com/indexd1d4.html]
[marianodigabriele.com/index7a1c.html]
[marianodigabriele.com/indexf008.html]
[marianodigabriele.com/index7a7d.html]
[marianodigabriele.com/index9844.html]
[marianodigabriele.com/index9d8b.html]
[marianodigabriele.com/index2975.html]
[marianodigabriele.com/indexcc5b.html]
[marianodigabriele.com/index1f80.html]
[marianodigabriele.com/indexf0ba.html]
[marianodigabriele.com/index9050.html]
[marianodigabriele.com/index2cba.html]
[marianodigabriele.com/index2de4.html]
[marianodigabriele.com/index2821.html]
[marianodigabriele.com/index6849.html]
[marianodigabriele.com/index37d9.html]
[marianodigabriele.com/index5b1c.html]
[marianodigabriele.com/index437c.html]
[marianodigabriele.com/index0a0d.html]
[marianodigabriele.com/indexc6b3.html]
[marianodigabriele.com/indexacc5.html]
[marianodigabriele.com/index53b5.html]
[marianodigabriele.com/indexea36.html]
[marianodigabriele.com/wp-content/plugins/woocommerce/assets/css/photoswipe/default-skin/default-skin.svg]
[marianodigabriele.com/indexda96.html]
[marianodigabriele.com/index70b7.html]
[marianodigabriele.com/indexa78b.html]
[marianodigabriele.com/index6194.html]
[marianodigabriele.com/index9c36.html]
[marianodigabriele.com/index8db4.html]
[marianodigabriele.com/index2085.html]
[marianodigabriele.com/indexe97a.html]
[marianodigabriele.com/index4ade.html]
[marianodigabriele.com/indexdeb7.html]
[marianodigabriele.com/index3e84.html]
[marianodigabriele.com/index34be.html]
[marianodigabriele.com/indexf6ae.html]
[marianodigabriele.com/index92ba.html]
[marianodigabriele.com/index939a.html]
[marianodigabriele.com/indexcd0b.html]
[marianodigabriele.com/index5b4c.html]
[marianodigabriele.com/index97a9.html]
[marianodigabriele.com/indexf905.html]
[marianodigabriele.com/indexe399.html]
[marianodigabriele.com/index8b3b.html]
[marianodigabriele.com/indexe3ea.html]
[marianodigabriele.com/index8089.html]
[marianodigabriele.com/index2fbf.html]
[marianodigabriele.com/indexa55b.html]
[marianodigabriele.com/index744c.html]
[marianodigabriele.com/index5277.html]
[marianodigabriele.com/index941c.html]
[marianodigabriele.com/index6780.html]
[marianodigabriele.com/indexd880.html]
[marianodigabriele.com/indexe0c1.html]
[marianodigabriele.com/indexb218.html]
[marianodigabriele.com/index55c5.html]
[marianodigabriele.com/index9d8b.html]
[marianodigabriele.com/index2975.html]
[marianodigabriele.com/indexcc5b.html]
[marianodigabriele.com/index0498.html]
[marianodigabriele.com/indexff3e.html]
[marianodigabriele.com/index2cba.html]
[marianodigabriele.com/indexf0ba.html]
[marianodigabriele.com/index2821.html]
[marianodigabriele.com/index37d9.html]
[marianodigabriele.com/index437c.html]
[marianodigabriele.com/index0498.html]
[marianodigabriele.com/indexff3e.html]
